// Jest Snapshot v1, https://goo.gl/fbAQLP

exports[`Linked List arrayToLinkedList 1`] = `
ListNode {
  "next": ListNode {
    "next": ListNode {
      "next": ListNode {
        "next": ListNode {
          "next": ListNode {
            "next": null,
            "val": 6,
          },
          "val": 5,
        },
        "val": 4,
      },
      "val": 3,
    },
    "val": 2,
  },
  "val": 1,
}
`;
